src/components/FaceAnalyzer.tsx(2,49): error TS2307: Cannot find module '@mediapipe/tasks-vision' or its corresponding type declarations.
